Circuit: * Z:\home\ostoja\Petnica\DC_load\simulacije\half_bridge_pwm_gen_V2.asc

WARNING: Node NC_02 is floating.

WARNING: Less than two connections to node EFFICIENCY.  This node is used by B3.
WARNING: Less than two connections to node LOSSES.  This node is used by B4.
WARNING: Less than two connections to node N008.  This node is used by R12.
WARNING: Less than two connections to node NC_01.  This node is used by E1.
WARNING: Less than two connections to node NC_02.  This node is used by E1.
WARNING: Less than two connections to node U1:U1:UA:TEST.  This node is used by E:U1:U1:UA:TEST.
WARNING: Less than two connections to node U1:U1:UA:VTH_DIFF.  This node is used by E:U1:U1:UA:VTHDIFF.
WARNING: Less than two connections to node U1:U1:UB:TEST.  This node is used by E:U1:U1:UB:TEST.
WARNING: Less than two connections to node U1:U1:UB:VTH_DIFF.  This node is used by E:U1:U1:UB:VTHDIFF.
WARNING: Less than two connections to node U2:U1:UA:TEST.  This node is used by E:U2:U1:UA:TEST.
WARNING: Less than two connections to node U2:U1:UA:VTH_DIFF.  This node is used by E:U2:U1:UA:VTHDIFF.
WARNING: Less than two connections to node U2:U1:UB:TEST.  This node is used by E:U2:U1:UB:TEST.
WARNING: Less than two connections to node U2:U1:UB:VTH_DIFF.  This node is used by E:U2:U1:UB:VTHDIFF.
WARNING: Less than two connections to node U3:U1:UA:TEST.  This node is used by E:U3:U1:UA:TEST.
WARNING: Less than two connections to node U3:U1:UA:VTH_DIFF.  This node is used by E:U3:U1:UA:VTHDIFF.
WARNING: Less than two connections to node U3:U1:UB:TEST.  This node is used by E:U3:U1:UB:TEST.
WARNING: Less than two connections to node U3:U1:UB:VTH_DIFF.  This node is used by E:U3:U1:UB:VTHDIFF.
WARNING: Less than two connections to node U4:U1:UA:TEST.  This node is used by E:U4:U1:UA:TEST.
WARNING: Less than two connections to node U4:U1:UA:VTH_DIFF.  This node is used by E:U4:U1:UA:VTHDIFF.
WARNING: Less than two connections to node U4:U1:UB:TEST.  This node is used by E:U4:U1:UB:TEST.
WARNING: Less than two connections to node U4:U1:UB:VTH_DIFF.  This node is used by E:U4:U1:UB:VTHDIFF.
WARNING: Less than two connections to node U5:U1:UA:TEST.  This node is used by E:U5:U1:UA:TEST.
WARNING: Less than two connections to node U5:U1:UA:VTH_DIFF.  This node is used by E:U5:U1:UA:VTHDIFF.
WARNING: Less than two connections to node U5:U1:UB:TEST.  This node is used by E:U5:U1:UB:TEST.
WARNING: Less than two connections to node U5:U1:UB:VTH_DIFF.  This node is used by E:U5:U1:UB:VTHDIFF.
Per .tran options, skipping operating point for transient analysis.
Changing Tseed to 1.95313e-010
Changing Tseed to 1.95312e-012
Changing Tseed to 1.95312e-009
Heightened Def Con from 5.04986e-005 to 5.04986e-005

Date: Sun Dec 07 01:32:39 2025
Total elapsed time: 6.992 seconds.

tnom = 27
temp = 27
method = modified trap
totiter = 76667
traniter = 76667
tranpoints = 22786
accept = 15642
rejected = 7142
matrix size = 675
fillins = 134
solver = Normal
Thread vector: 163.8/41.4[15] 4.8/8.3[1] 58.0/18.7[15] 1.3/31.7[1]  2592/500
Matrix Compiler1: 23.57 KB object code size  10.6/4.9/[1.6]
Matrix Compiler2: 42.41 KB object code size  10.0/9.6/[2.0]

