Circuit: * Z:\home\ostoja\Petnica\DC_load\simulacije\inverter_PWM.asc

WARNING: Less than two connections to node U2:U1:UA:TEST.  This node is used by E:U2:U1:UA:TEST.
WARNING: Less than two connections to node U2:U1:UA:VTH_DIFF.  This node is used by E:U2:U1:UA:VTHDIFF.
WARNING: Less than two connections to node U2:U1:UB:TEST.  This node is used by E:U2:U1:UB:TEST.
WARNING: Less than two connections to node U2:U1:UB:VTH_DIFF.  This node is used by E:U2:U1:UB:VTHDIFF.
WARNING: Less than two connections to node N001.  This node is used by D1.
Per .tran options, skipping operating point for transient analysis.
Changing Tseed to 1e-013
Changing Tseed to 1e-015
Changing Tseed to 1e-012

Date: Thu Dec 11 20:58:42 2025
Total elapsed time: 3.066 seconds.

tnom = 27
temp = 27
method = modified trap
totiter = 199904
traniter = 199904
tranpoints = 99751
accept = 99679
rejected = 69
matrix size = 129
fillins = 23
solver = Normal
Thread vector: 7.7/4.9[7] 0.7/1.0[1] 5.9/3.6[7] 0.2/1.5[1]  2592/500
Matrix Compiler1: 4.16 KB object code size  1.3/0.8/[0.3]
Matrix Compiler2: 7.79 KB object code size  0.8/1.4/[0.4]

