Circuit: * Z:\home\ostoja\Petnica\DC_load\simulacije\isolated_supply_v2.asc

WARNING: Node N003 is floating.

WARNING: Less than two connections to node EFFICIENCY.  This node is used by B7.
WARNING: Less than two connections to node LOSSES.  This node is used by B8.
WARNING: Less than two connections to node N003.  This node is used by C7.
WARNING: Less than two connections to node U1:U1:UA:TEST.  This node is used by E:U1:U1:UA:TEST.
WARNING: Less than two connections to node U1:U1:UA:VTH_DIFF.  This node is used by E:U1:U1:UA:VTHDIFF.
WARNING: Less than two connections to node U1:U1:UB:TEST.  This node is used by E:U1:U1:UB:TEST.
WARNING: Less than two connections to node U1:U1:UB:VTH_DIFF.  This node is used by E:U1:U1:UB:VTHDIFF.
WARNING: Less than two connections to node U2:U1:UA:TEST.  This node is used by E:U2:U1:UA:TEST.
WARNING: Less than two connections to node U2:U1:UA:VTH_DIFF.  This node is used by E:U2:U1:UA:VTHDIFF.
WARNING: Less than two connections to node U2:U1:UB:TEST.  This node is used by E:U2:U1:UB:TEST.
WARNING: Less than two connections to node U2:U1:UB:VTH_DIFF.  This node is used by E:U2:U1:UB:VTHDIFF.
WARNING: Less than two connections to node U3:U1:UA:TEST.  This node is used by E:U3:U1:UA:TEST.
WARNING: Less than two connections to node U3:U1:UA:VTH_DIFF.  This node is used by E:U3:U1:UA:VTHDIFF.
WARNING: Less than two connections to node U3:U1:UB:TEST.  This node is used by E:U3:U1:UB:TEST.
WARNING: Less than two connections to node U3:U1:UB:VTH_DIFF.  This node is used by E:U3:U1:UB:VTHDIFF.
WARNING: Less than two connections to node U4:U1:UA:TEST.  This node is used by E:U4:U1:UA:TEST.
WARNING: Less than two connections to node U4:U1:UA:VTH_DIFF.  This node is used by E:U4:U1:UA:VTHDIFF.
WARNING: Less than two connections to node U4:U1:UB:TEST.  This node is used by E:U4:U1:UB:TEST.
WARNING: Less than two connections to node U4:U1:UB:VTH_DIFF.  This node is used by E:U4:U1:UB:VTHDIFF.
WARNING: Less than two connections to node U5:U1:UA:TEST.  This node is used by E:U5:U1:UA:TEST.
WARNING: Less than two connections to node U5:U1:UA:VTH_DIFF.  This node is used by E:U5:U1:UA:VTHDIFF.
WARNING: Less than two connections to node U5:U1:UB:TEST.  This node is used by E:U5:U1:UB:TEST.
WARNING: Less than two connections to node U5:U1:UB:VTH_DIFF.  This node is used by E:U5:U1:UB:VTHDIFF.
WARNING: Less than two connections to node U6:U1:UA:TEST.  This node is used by E:U6:U1:UA:TEST.
WARNING: Less than two connections to node U6:U1:UA:VTH_DIFF.  This node is used by E:U6:U1:UA:VTHDIFF.
WARNING: Less than two connections to node U6:U1:UB:TEST.  This node is used by E:U6:U1:UB:TEST.
WARNING: Less than two connections to node U6:U1:UB:VTH_DIFF.  This node is used by E:U6:U1:UB:VTHDIFF.
Per .tran options, skipping operating point for transient analysis.
Changing Tseed to 1.95313e-010
Changing Tseed to 1.95312e-012
Changing Tseed to 1.95312e-009
Heightened Def Con from 7.98085e-005 to 7.98085e-005

Date: Sun Dec 07 00:50:25 2025
Total elapsed time: 12.395 seconds.

tnom = 27
temp = 27
method = modified trap
totiter = 105261
traniter = 105261
tranpoints = 28922
accept = 20125
rejected = 8795
matrix size = 788
fillins = 159
solver = Normal
Thread vector: 122.1/29.3[16] 3.5/5.0[1] 50.3/20.2[16] 1.5/5.2[1]  2592/500
Matrix Compiler1: 25.73 KB object code size  7.9/3.9/[1.7]
Matrix Compiler2: 48.96 KB object code size  5.6/8.1/[2.2]

